08:33:07 **** Incremental Build of configuration Debug for project 001Tasks ****
make -j8 all 
arm-none-eabi-gcc "../Src/main.c" -mcpu=cortex-m4 -std=gnu11 -g3 -DDEBUG -DSTM32 -DSTM32F407G_DISC1 -DSTM32F4 -DSTM32F407VGTx -c -I../Inc -I"C:/Users/Shashank/OneDrive/Desktop/D_drive/Embedded-c/Workspace/RTOS_workspace/001Tasks/ThirdParty/FreeRTOS" -I"C:/Users/Shashank/OneDrive/Desktop/D_drive/Embedded-c/Workspace/RTOS_workspace/001Tasks/ThirdParty/FreeRTOS/include" -I"C:/Users/Shashank/OneDrive/Desktop/D_drive/Embedded-c/Workspace/RTOS_workspace/001Tasks/ThirdParty/FreeRTOS/include" -I"C:/Users/Shashank/OneDrive/Desktop/D_drive/Embedded-c/Workspace/RTOS_workspace/001Tasks/ThirdParty/FreeRTOS/portable/GCC/ARM_CM4F" -O0 -ffunction-sections -fdata-sections -Wall -fstack-usage -fcyclomatic-complexity -MMD -MP -MF"Src/main.d" -MT"Src/main.o" --specs=nano.specs -mfpu=fpv4-sp-d16 -mfloat-abi=hard -mthumb -o "Src/main.o"
arm-none-eabi-gcc -o "001Tasks.elf" @"objects.list"   -mcpu=cortex-m4 -T"C:\Users\Shashank\OneDrive\Desktop\D_drive\Embedded-c\Workspace\RTOS_workspace\001Tasks\STM32F407VGTX_FLASH.ld" --specs=nosys.specs -Wl,-Map="001Tasks.map" -Wl,--gc-sections -static --specs=nano.specs -mfpu=fpv4-sp-d16 -mfloat-abi=hard -mthumb -Wl,--start-group -lc -lm -Wl,--end-group
Finished building target: 001Tasks.elf
 
arm-none-eabi-size  001Tasks.elf 
arm-none-eabi-objdump -h -S 001Tasks.elf  > "001Tasks.list"
   text	   data	    bss	    dec	    hex	filename
   1644	      0	   1704	   3348	    d14	001Tasks.elf
Finished building: default.size.stdout
 
Finished building: 001Tasks.list
 

08:33:08 Build Finished. 0 errors, 0 warnings. (took 556ms)

