10:04:49 **** Incremental Build of configuration Debug for project 00FreeRTOS_projects ****
make -j8 all 
arm-none-eabi-gcc "../ThirdParty/FreeRTOS/portable/MemMang/heap_4.c" -mcpu=cortex-m4 -std=gnu11 -g3 -DDEBUG -DSTM32 -DSTM32F407G_DISC1 -DSTM32F4 -DSTM32F407VGTx -c -I../Inc -I"C:/Users/Shashank/OneDrive/Desktop/D_drive/Embedded-c/Workspace/RTOS_workspace/00FreeRTOS_projects/ThirdParty/FreeRTOS" -I"C:/Users/Shashank/OneDrive/Desktop/D_drive/Embedded-c/Workspace/RTOS_workspace/00FreeRTOS_projects/ThirdParty/FreeRTOS/include" -I"C:/Users/Shashank/OneDrive/Desktop/D_drive/Embedded-c/Workspace/RTOS_workspace/00FreeRTOS_projects/ThirdParty/FreeRTOS/include" -I"C:/Users/Shashank/OneDrive/Desktop/D_drive/Embedded-c/Workspace/RTOS_workspace/00FreeRTOS_projects/ThirdParty/FreeRTOS/portable/GCC/ARM_CM4F" -O0 -ffunction-sections -fdata-sections -Wall -fstack-usage -fcyclomatic-complexity -MMD -MP -MF"ThirdParty/FreeRTOS/portable/MemMang/heap_4.d" -MT"ThirdParty/FreeRTOS/portable/MemMang/heap_4.o" --specs=nano.specs -mfpu=fpv4-sp-d16 -mfloat-abi=hard -mthumb -o "ThirdParty/FreeRTOS/portable/MemMang/heap_4.o"
arm-none-eabi-gcc "../ThirdParty/FreeRTOS/portable/GCC/ARM_CM4F/port.c" -mcpu=cortex-m4 -std=gnu11 -g3 -DDEBUG -DSTM32 -DSTM32F407G_DISC1 -DSTM32F4 -DSTM32F407VGTx -c -I../Inc -I"C:/Users/Shashank/OneDrive/Desktop/D_drive/Embedded-c/Workspace/RTOS_workspace/00FreeRTOS_projects/ThirdParty/FreeRTOS" -I"C:/Users/Shashank/OneDrive/Desktop/D_drive/Embedded-c/Workspace/RTOS_workspace/00FreeRTOS_projects/ThirdParty/FreeRTOS/include" -I"C:/Users/Shashank/OneDrive/Desktop/D_drive/Embedded-c/Workspace/RTOS_workspace/00FreeRTOS_projects/ThirdParty/FreeRTOS/include" -I"C:/Users/Shashank/OneDrive/Desktop/D_drive/Embedded-c/Workspace/RTOS_workspace/00FreeRTOS_projects/ThirdParty/FreeRTOS/portable/GCC/ARM_CM4F" -O0 -ffunction-sections -fdata-sections -Wall -fstack-usage -fcyclomatic-complexity -MMD -MP -MF"ThirdParty/FreeRTOS/portable/GCC/ARM_CM4F/port.d" -MT"ThirdParty/FreeRTOS/portable/GCC/ARM_CM4F/port.o" --specs=nano.specs -mfpu=fpv4-sp-d16 -mfloat-abi=hard -mthumb -o "ThirdParty/FreeRTOS/portable/GCC/ARM_CM4F/port.o"
arm-none-eabi-gcc "../ThirdParty/FreeRTOS/croutine.c" -mcpu=cortex-m4 -std=gnu11 -g3 -DDEBUG -DSTM32 -DSTM32F407G_DISC1 -DSTM32F4 -DSTM32F407VGTx -c -I../Inc -I"C:/Users/Shashank/OneDrive/Desktop/D_drive/Embedded-c/Workspace/RTOS_workspace/00FreeRTOS_projects/ThirdParty/FreeRTOS" -I"C:/Users/Shashank/OneDrive/Desktop/D_drive/Embedded-c/Workspace/RTOS_workspace/00FreeRTOS_projects/ThirdParty/FreeRTOS/include" -I"C:/Users/Shashank/OneDrive/Desktop/D_drive/Embedded-c/Workspace/RTOS_workspace/00FreeRTOS_projects/ThirdParty/FreeRTOS/include" -I"C:/Users/Shashank/OneDrive/Desktop/D_drive/Embedded-c/Workspace/RTOS_workspace/00FreeRTOS_projects/ThirdParty/FreeRTOS/portable/GCC/ARM_CM4F" -O0 -ffunction-sections -fdata-sections -Wall -fstack-usage -fcyclomatic-complexity -MMD -MP -MF"ThirdParty/FreeRTOS/croutine.d" -MT"ThirdParty/FreeRTOS/croutine.o" --specs=nano.specs -mfpu=fpv4-sp-d16 -mfloat-abi=hard -mthumb -o "ThirdParty/FreeRTOS/croutine.o"
arm-none-eabi-gcc "../ThirdParty/FreeRTOS/event_groups.c" -mcpu=cortex-m4 -std=gnu11 -g3 -DDEBUG -DSTM32 -DSTM32F407G_DISC1 -DSTM32F4 -DSTM32F407VGTx -c -I../Inc -I"C:/Users/Shashank/OneDrive/Desktop/D_drive/Embedded-c/Workspace/RTOS_workspace/00FreeRTOS_projects/ThirdParty/FreeRTOS" -I"C:/Users/Shashank/OneDrive/Desktop/D_drive/Embedded-c/Workspace/RTOS_workspace/00FreeRTOS_projects/ThirdParty/FreeRTOS/include" -I"C:/Users/Shashank/OneDrive/Desktop/D_drive/Embedded-c/Workspace/RTOS_workspace/00FreeRTOS_projects/ThirdParty/FreeRTOS/include" -I"C:/Users/Shashank/OneDrive/Desktop/D_drive/Embedded-c/Workspace/RTOS_workspace/00FreeRTOS_projects/ThirdParty/FreeRTOS/portable/GCC/ARM_CM4F" -O0 -ffunction-sections -fdata-sections -Wall -fstack-usage -fcyclomatic-complexity -MMD -MP -MF"ThirdParty/FreeRTOS/event_groups.d" -MT"ThirdParty/FreeRTOS/event_groups.o" --specs=nano.specs -mfpu=fpv4-sp-d16 -mfloat-abi=hard -mthumb -o "ThirdParty/FreeRTOS/event_groups.o"
arm-none-eabi-gcc "../ThirdParty/FreeRTOS/list.c" -mcpu=cortex-m4 -std=gnu11 -g3 -DDEBUG -DSTM32 -DSTM32F407G_DISC1 -DSTM32F4 -DSTM32F407VGTx -c -I../Inc -I"C:/Users/Shashank/OneDrive/Desktop/D_drive/Embedded-c/Workspace/RTOS_workspace/00FreeRTOS_projects/ThirdParty/FreeRTOS" -I"C:/Users/Shashank/OneDrive/Desktop/D_drive/Embedded-c/Workspace/RTOS_workspace/00FreeRTOS_projects/ThirdParty/FreeRTOS/include" -I"C:/Users/Shashank/OneDrive/Desktop/D_drive/Embedded-c/Workspace/RTOS_workspace/00FreeRTOS_projects/ThirdParty/FreeRTOS/include" -I"C:/Users/Shashank/OneDrive/Desktop/D_drive/Embedded-c/Workspace/RTOS_workspace/00FreeRTOS_projects/ThirdParty/FreeRTOS/portable/GCC/ARM_CM4F" -O0 -ffunction-sections -fdata-sections -Wall -fstack-usage -fcyclomatic-complexity -MMD -MP -MF"ThirdParty/FreeRTOS/list.d" -MT"ThirdParty/FreeRTOS/list.o" --specs=nano.specs -mfpu=fpv4-sp-d16 -mfloat-abi=hard -mthumb -o "ThirdParty/FreeRTOS/list.o"
arm-none-eabi-gcc "../ThirdParty/FreeRTOS/queue.c" -mcpu=cortex-m4 -std=gnu11 -g3 -DDEBUG -DSTM32 -DSTM32F407G_DISC1 -DSTM32F4 -DSTM32F407VGTx -c -I../Inc -I"C:/Users/Shashank/OneDrive/Desktop/D_drive/Embedded-c/Workspace/RTOS_workspace/00FreeRTOS_projects/ThirdParty/FreeRTOS" -I"C:/Users/Shashank/OneDrive/Desktop/D_drive/Embedded-c/Workspace/RTOS_workspace/00FreeRTOS_projects/ThirdParty/FreeRTOS/include" -I"C:/Users/Shashank/OneDrive/Desktop/D_drive/Embedded-c/Workspace/RTOS_workspace/00FreeRTOS_projects/ThirdParty/FreeRTOS/include" -I"C:/Users/Shashank/OneDrive/Desktop/D_drive/Embedded-c/Workspace/RTOS_workspace/00FreeRTOS_projects/ThirdParty/FreeRTOS/portable/GCC/ARM_CM4F" -O0 -ffunction-sections -fdata-sections -Wall -fstack-usage -fcyclomatic-complexity -MMD -MP -MF"ThirdParty/FreeRTOS/queue.d" -MT"ThirdParty/FreeRTOS/queue.o" --specs=nano.specs -mfpu=fpv4-sp-d16 -mfloat-abi=hard -mthumb -o "ThirdParty/FreeRTOS/queue.o"
arm-none-eabi-gcc "../ThirdParty/FreeRTOS/stream_buffer.c" -mcpu=cortex-m4 -std=gnu11 -g3 -DDEBUG -DSTM32 -DSTM32F407G_DISC1 -DSTM32F4 -DSTM32F407VGTx -c -I../Inc -I"C:/Users/Shashank/OneDrive/Desktop/D_drive/Embedded-c/Workspace/RTOS_workspace/00FreeRTOS_projects/ThirdParty/FreeRTOS" -I"C:/Users/Shashank/OneDrive/Desktop/D_drive/Embedded-c/Workspace/RTOS_workspace/00FreeRTOS_projects/ThirdParty/FreeRTOS/include" -I"C:/Users/Shashank/OneDrive/Desktop/D_drive/Embedded-c/Workspace/RTOS_workspace/00FreeRTOS_projects/ThirdParty/FreeRTOS/include" -I"C:/Users/Shashank/OneDrive/Desktop/D_drive/Embedded-c/Workspace/RTOS_workspace/00FreeRTOS_projects/ThirdParty/FreeRTOS/portable/GCC/ARM_CM4F" -O0 -ffunction-sections -fdata-sections -Wall -fstack-usage -fcyclomatic-complexity -MMD -MP -MF"ThirdParty/FreeRTOS/stream_buffer.d" -MT"ThirdParty/FreeRTOS/stream_buffer.o" --specs=nano.specs -mfpu=fpv4-sp-d16 -mfloat-abi=hard -mthumb -o "ThirdParty/FreeRTOS/stream_buffer.o"
arm-none-eabi-gcc "../ThirdParty/FreeRTOS/tasks.c" -mcpu=cortex-m4 -std=gnu11 -g3 -DDEBUG -DSTM32 -DSTM32F407G_DISC1 -DSTM32F4 -DSTM32F407VGTx -c -I../Inc -I"C:/Users/Shashank/OneDrive/Desktop/D_drive/Embedded-c/Workspace/RTOS_workspace/00FreeRTOS_projects/ThirdParty/FreeRTOS" -I"C:/Users/Shashank/OneDrive/Desktop/D_drive/Embedded-c/Workspace/RTOS_workspace/00FreeRTOS_projects/ThirdParty/FreeRTOS/include" -I"C:/Users/Shashank/OneDrive/Desktop/D_drive/Embedded-c/Workspace/RTOS_workspace/00FreeRTOS_projects/ThirdParty/FreeRTOS/include" -I"C:/Users/Shashank/OneDrive/Desktop/D_drive/Embedded-c/Workspace/RTOS_workspace/00FreeRTOS_projects/ThirdParty/FreeRTOS/portable/GCC/ARM_CM4F" -O0 -ffunction-sections -fdata-sections -Wall -fstack-usage -fcyclomatic-complexity -MMD -MP -MF"ThirdParty/FreeRTOS/tasks.d" -MT"ThirdParty/FreeRTOS/tasks.o" --specs=nano.specs -mfpu=fpv4-sp-d16 -mfloat-abi=hard -mthumb -o "ThirdParty/FreeRTOS/tasks.o"
arm-none-eabi-gcc "../ThirdParty/FreeRTOS/timers.c" -mcpu=cortex-m4 -std=gnu11 -g3 -DDEBUG -DSTM32 -DSTM32F407G_DISC1 -DSTM32F4 -DSTM32F407VGTx -c -I../Inc -I"C:/Users/Shashank/OneDrive/Desktop/D_drive/Embedded-c/Workspace/RTOS_workspace/00FreeRTOS_projects/ThirdParty/FreeRTOS" -I"C:/Users/Shashank/OneDrive/Desktop/D_drive/Embedded-c/Workspace/RTOS_workspace/00FreeRTOS_projects/ThirdParty/FreeRTOS/include" -I"C:/Users/Shashank/OneDrive/Desktop/D_drive/Embedded-c/Workspace/RTOS_workspace/00FreeRTOS_projects/ThirdParty/FreeRTOS/include" -I"C:/Users/Shashank/OneDrive/Desktop/D_drive/Embedded-c/Workspace/RTOS_workspace/00FreeRTOS_projects/ThirdParty/FreeRTOS/portable/GCC/ARM_CM4F" -O0 -ffunction-sections -fdata-sections -Wall -fstack-usage -fcyclomatic-complexity -MMD -MP -MF"ThirdParty/FreeRTOS/timers.d" -MT"ThirdParty/FreeRTOS/timers.o" --specs=nano.specs -mfpu=fpv4-sp-d16 -mfloat-abi=hard -mthumb -o "ThirdParty/FreeRTOS/timers.o"
arm-none-eabi-gcc -o "00FreeRTOS_projects.elf" @"objects.list"   -mcpu=cortex-m4 -T"C:\Users\Shashank\OneDrive\Desktop\D_drive\Embedded-c\Workspace\RTOS_workspace\00FreeRTOS_projects\STM32F407VGTX_FLASH.ld" --specs=nosys.specs -Wl,-Map="00FreeRTOS_projects.map" -Wl,--gc-sections -static --specs=nano.specs -mfpu=fpv4-sp-d16 -mfloat-abi=hard -mthumb -Wl,--start-group -lc -lm -Wl,--end-group
Finished building target: 00FreeRTOS_projects.elf
 
arm-none-eabi-size  00FreeRTOS_projects.elf 
arm-none-eabi-objdump -h -S 00FreeRTOS_projects.elf  > "00FreeRTOS_projects.list"
   text	   data	    bss	    dec	    hex	filename
   1644	      0	   1704	   3348	    d14	00FreeRTOS_projects.elf
Finished building: default.size.stdout
 
Finished building: 00FreeRTOS_projects.list
 

10:04:50 Build Finished. 0 errors, 0 warnings. (took 1s.334ms)

